// Jest Snapshot v1, https://goo.gl/fbAQLP

exports[`Comparing a table in the test repo to a snapshot 1`] = `
Object {
  "72ed9cd4bfe5f9bfeaa34e6478f239b142990f8e": Object {
    "baseline": Object {
      "metrics": Object {
        "scores.json": Object {
          "auc": 0.5673991643240032,
        },
      },
      "name": "master",
      "params": Object {
        "params.yaml": Object {
          "featurize": Object {
            "max_features": 1500,
            "ngrams": 2,
          },
          "prepare": Object {
            "seed": 20170428,
            "split": 0.2,
          },
          "train": Object {
            "n_estimators": 50,
            "seed": 20170428,
          },
        },
      },
      "queued": false,
      "timestamp": "2020-11-15T19:23:54",
    },
  },
  "workspace": Object {
    "baseline": Object {
      "metrics": Object {
        "scores.json": Object {
          "auc": 0.5673991643240032,
        },
      },
      "params": Object {
        "params.yaml": Object {
          "featurize": Object {
            "max_features": 1500,
            "ngrams": 2,
          },
          "prepare": Object {
            "seed": 20170428,
            "split": 0.2,
          },
          "train": Object {
            "n_estimators": 50,
            "seed": 20170428,
          },
        },
      },
      "queued": false,
      "timestamp": null,
    },
  },
}
`;
