// Jest Snapshot v1, https://goo.gl/fbAQLP

exports[`Comparing a table in the test repo to a snapshot 1`] = `
Object {
  "experiments": Array [
    Object {
      "baseline": Object {
        "metrics": Object {
          "scores.json": Object {
            "auc": 0.6131382960762474,
          },
        },
        "name": "master",
        "params": Object {
          "params.yaml": Object {
            "featurize": Object {
              "max_features": 1500,
              "ngrams": 2,
            },
            "prepare": Object {
              "seed": 20170428,
              "split": 0.2,
            },
            "train": Object {
              "n_estimators": 50,
              "seed": 20170428,
            },
          },
        },
        "queued": false,
        "timestamp": "2020-10-20T14:52:40",
      },
      "label": "430c6a15611f654ba38d79f435edc4cebf337305",
      "sha": "430c6a15611f654ba38d79f435edc4cebf337305",
    },
  ],
  "workspace": Object {
    "baseline": Object {
      "metrics": Object {
        "scores.json": Object {
          "auc": 0.6131382960762474,
        },
      },
      "params": Object {
        "params.yaml": Object {
          "featurize": Object {
            "max_features": 1500,
            "ngrams": 2,
          },
          "prepare": Object {
            "seed": 20170428,
            "split": 0.2,
          },
          "train": Object {
            "n_estimators": 50,
            "seed": 20170428,
          },
        },
      },
      "queued": false,
      "timestamp": null,
    },
    "label": "workspace",
    "sha": "workspace",
  },
}
`;
